
 Start  Stop   Length Name               Class

 00000H 02519H 0251AH _TEXT              CODE
 0251AH 0271EH 00205H TEST_TEXT          CODE
 02720H 027F5H 000D6H OS_CPU_A_TEXT      CODE
 027F6H 029CBH 001D6H OS_CPU_C_TEXT      CODE
 029CCH 02D48H 0037DH PC_TEXT            CODE
 02D49H 0671AH 039D2H UCOS_II_TEXT       CODE
 06720H 06720H 00000H _FARDATA           FAR_DATA
 06720H 06720H 00000H _FARBSS            FAR_BSS
 06720H 06720H 00000H _OVERLAY_          OVRINFO
 06720H 06720H 00000H _1STUB_            STUBSEG
 06720H 06C3DH 0051EH _DATA              DATA
 06C3EH 06C3FH 00002H _CVTSEG            DATA
 06C40H 06C45H 00006H _SCNSEG            DATA
 06C46H 06C46H 00000H _CONST             CONST
 06C46H 06C51H 0000CH _INIT_             INITDATA
 06C52H 06C52H 00000H _INITEND_          INITDATA
 06C52H 06C52H 00000H _EXIT_             EXITDATA
 06C52H 06C52H 00000H _EXITEND_          EXITDATA
 06C52H 0C471H 05820H _BSS               BSS
 0C472H 0C472H 00000H _BSSEND            BSSEND
 0C480H 0C4FFH 00080H _STACK             STACK


Detailed map of segments

 0000:0000 0295 C=CODE   S=_TEXT          G=(none)  M=c0.ASM     ACBP=28
 0000:0295 002D C=CODE   S=_TEXT          G=(none)  M=ATEXIT     ACBP=28
 0000:02C2 0093 C=CODE   S=_TEXT          G=(none)  M=EXIT       ACBP=28
 0000:0355 0000 C=CODE   S=_TEXT          G=(none)  M=FILES      ACBP=28
 0000:0355 0000 C=CODE   S=_TEXT          G=(none)  M=FILES2     ACBP=28
 0000:0355 0017 C=CODE   S=_TEXT          G=(none)  M=F_LXMUL    ACBP=28
 0000:036C 0026 C=CODE   S=_TEXT          G=(none)  M=GETDATE    ACBP=28
 0000:0392 00AE C=CODE   S=_TEXT          G=(none)  M=H_LDIV     ACBP=28
 0000:0440 0021 C=CODE   S=_TEXT          G=(none)  M=H_LLSH     ACBP=28
 0000:0461 0021 C=CODE   S=_TEXT          G=(none)  M=H_LURSH    ACBP=28
 0000:0482 0060 C=CODE   S=_TEXT          G=(none)  M=H_PADD     ACBP=28
 0000:04E2 004B C=CODE   S=_TEXT          G=(none)  M=IOERROR    ACBP=28
 0000:052D 0011 C=CODE   S=_TEXT          G=(none)  M=ISATTY     ACBP=28
 0000:053E 00A2 C=CODE   S=_TEXT          G=(none)  M=LONGTOA    ACBP=28
 0000:05E0 0029 C=CODE   S=_TEXT          G=(none)  M=LSEEK      ACBP=28
 0000:0609 0021 C=CODE   S=_TEXT          G=(none)  M=N_PCMP     ACBP=28
 0000:062A 00BA C=CODE   S=_TEXT          G=(none)  M=SETUPIO    ACBP=28
 0000:06E4 0000 C=CODE   S=_TEXT          G=(none)  M=STKLEN     ACBP=28
 0000:06E4 04DB C=CODE   S=_TEXT          G=(none)  M=VPRINTER   ACBP=28
 0000:0BBF 009F C=CODE   S=_TEXT          G=(none)  M=VRAM       ACBP=28
 0000:0C5E 0000 C=CODE   S=_TEXT          G=(none)  M=WSCROLL    ACBP=28
 0000:0C5E 014E C=CODE   S=_TEXT          G=(none)  M=CPRINTF    ACBP=28
 0000:0DAC 01A5 C=CODE   S=_TEXT          G=(none)  M=CRTINIT    ACBP=28
 0000:0F51 001F C=CODE   S=_TEXT          G=(none)  M=CVTFAK     ACBP=28
 0000:0F70 0432 C=CODE   S=_TEXT          G=(none)  M=FARHEAP    ACBP=28
 0000:13A2 0140 C=CODE   S=_TEXT          G=(none)  M=FBRK       ACBP=28
 0000:14E2 005E C=CODE   S=_TEXT          G=(none)  M=GETCH      ACBP=28
 0000:1540 00AC C=CODE   S=_TEXT          G=(none)  M=GPTEXT     ACBP=28
 0000:15EC 0012 C=CODE   S=_TEXT          G=(none)  M=KBHIT      ACBP=28
 0000:15FE 009D C=CODE   S=_TEXT          G=(none)  M=MOVETEXT   ACBP=28
 0000:169B 0017 C=CODE   S=_TEXT          G=(none)  M=PUTCH      ACBP=28
 0000:16B2 0004 C=CODE   S=_TEXT          G=(none)  M=REALCVT    ACBP=28
 0000:16B6 01C7 C=CODE   S=_TEXT          G=(none)  M=SCREEN     ACBP=28
 0000:187D 018E C=CODE   S=_TEXT          G=(none)  M=SCROLL     ACBP=28
 0000:1A0B 001C C=CODE   S=_TEXT          G=(none)  M=SETBLOCK   ACBP=28
 0000:1A27 006A C=CODE   S=_TEXT          G=(none)  M=SETJMP     ACBP=28
 0000:1A91 002C C=CODE   S=_TEXT          G=(none)  M=WHEREXY    ACBP=28
 0000:1ABD 00CD C=CODE   S=_TEXT          G=(none)  M=FFLUSH     ACBP=28
 0000:1B8A 0042 C=CODE   S=_TEXT          G=(none)  M=FLUSHALL   ACBP=28
 0000:1BCC 01E2 C=CODE   S=_TEXT          G=(none)  M=FSEEK      ACBP=28
 0000:1DAE 0024 C=CODE   S=_TEXT          G=(none)  M=MEMCPY     ACBP=28
 0000:1DD2 001B C=CODE   S=_TEXT          G=(none)  M=PRINTF     ACBP=28
 0000:1DED 03C8 C=CODE   S=_TEXT          G=(none)  M=PUTC       ACBP=28
 0000:21B5 011D C=CODE   S=_TEXT          G=(none)  M=SETVBUF    ACBP=28
 0000:22D2 0083 C=CODE   S=_TEXT          G=(none)  M=SPRINTF    ACBP=28
 0000:2355 0151 C=CODE   S=_TEXT          G=(none)  M=WRITE      ACBP=28
 0000:24A6 003C C=CODE   S=_TEXT          G=(none)  M=WRITEA     ACBP=28
 0000:24E2 0038 C=CODE   S=_TEXT          G=(none)  M=XFFLUSH    ACBP=28
 0251:000A 0205 C=CODE   S=TEST_TEXT      G=(none)  M=test.c     ACBP=28
 0272:0000 00D6 C=CODE   S=OS_CPU_A_TEXT  G=(none)  M=\SOFTWARE\uCOS-II\Ix86L\BC45\OS_CPU_A.ASM ACBP=48
 027F:0006 01D6 C=CODE   S=OS_CPU_C_TEXT  G=(none)  M=os_cpu_c.c ACBP=28
 029C:000C 037D C=CODE   S=PC_TEXT        G=(none)  M=pc.c       ACBP=28
 02D4:0009 39D2 C=CODE   S=UCOS_II_TEXT   G=(none)  M=ucos_ii.c  ACBP=28
 0672:0000 0000 C=FAR_DATA S=_FARDATA       G=(none)  M=c0.ASM     ACBP=68
 0672:0000 0000 C=FAR_BSS S=_FARBSS        G=(none)  M=c0.ASM     ACBP=68
 0672:0000 0000 C=OVRINFO S=_OVERLAY_      G=(none)  M=c0.ASM     ACBP=68
 0672:0000 0000 C=STUBSEG S=_1STUB_        G=(none)  M=c0.ASM     ACBP=68
 0672:0000 0093 C=DATA   S=_DATA          G=DGROUP  M=c0.ASM     ACBP=68
 0672:0094 0052 C=DATA   S=_DATA          G=DGROUP  M=test.c     ACBP=48
 0672:00E6 0000 C=DATA   S=_DATA          G=DGROUP  M=\SOFTWARE\uCOS-II\Ix86L\BC45\OS_CPU_A.ASM ACBP=48
 0672:00E6 0000 C=DATA   S=_DATA          G=DGROUP  M=os_cpu_c.c ACBP=48
 0672:00E6 001F C=DATA   S=_DATA          G=DGROUP  M=pc.c       ACBP=48
 0672:0106 0134 C=DATA   S=_DATA          G=DGROUP  M=ucos_ii.c  ACBP=48
 0672:023A 0002 C=DATA   S=_DATA          G=DGROUP  M=ATEXIT     ACBP=48
 0672:023C 000C C=DATA   S=_DATA          G=DGROUP  M=EXIT       ACBP=48
 0672:0248 0190 C=DATA   S=_DATA          G=DGROUP  M=FILES      ACBP=48
 0672:03D8 002A C=DATA   S=_DATA          G=DGROUP  M=FILES2     ACBP=48
 0672:0402 0000 C=DATA   S=_DATA          G=DGROUP  M=F_LXMUL    ACBP=48
 0672:0402 0000 C=DATA   S=_DATA          G=DGROUP  M=GETDATE    ACBP=48
 0672:0402 0000 C=DATA   S=_DATA          G=DGROUP  M=H_LDIV     ACBP=48
 0672:0402 0000 C=DATA   S=_DATA          G=DGROUP  M=H_LLSH     ACBP=48
 0672:0402 0000 C=DATA   S=_DATA          G=DGROUP  M=H_LURSH    ACBP=48
 0672:0402 0000 C=DATA   S=_DATA          G=DGROUP  M=H_PADD     ACBP=48
 0672:0402 005B C=DATA   S=_DATA          G=DGROUP  M=IOERROR    ACBP=48
 0672:045E 0000 C=DATA   S=_DATA          G=DGROUP  M=ISATTY     ACBP=48
 0672:045E 0000 C=DATA   S=_DATA          G=DGROUP  M=LONGTOA    ACBP=48
 0672:045E 0000 C=DATA   S=_DATA          G=DGROUP  M=LSEEK      ACBP=48
 0672:045E 0000 C=DATA   S=_DATA          G=DGROUP  M=N_PCMP     ACBP=48
 0672:045E 0000 C=DATA   S=_DATA          G=DGROUP  M=SETUPIO    ACBP=48
 0672:045E 0002 C=DATA   S=_DATA          G=DGROUP  M=STKLEN     ACBP=48
 0672:0460 0067 C=DATA   S=_DATA          G=DGROUP  M=VPRINTER   ACBP=48
 0672:04C8 0000 C=DATA   S=_DATA          G=DGROUP  M=VRAM       ACBP=48
 0672:04C8 0002 C=DATA   S=_DATA          G=DGROUP  M=WSCROLL    ACBP=48
 0672:04CA 0000 C=DATA   S=_DATA          G=DGROUP  M=CPRINTF    ACBP=48
 0672:04CA 0018 C=DATA   S=_DATA          G=DGROUP  M=CRTINIT    ACBP=48
 0672:04E2 0031 C=DATA   S=_DATA          G=DGROUP  M=CVTFAK     ACBP=48
 0672:0514 0000 C=DATA   S=_DATA          G=DGROUP  M=FARHEAP    ACBP=48
 0672:0514 0002 C=DATA   S=_DATA          G=DGROUP  M=FBRK       ACBP=48
 0672:0516 0000 C=DATA   S=_DATA          G=DGROUP  M=GETCH      ACBP=48
 0672:0516 0000 C=DATA   S=_DATA          G=DGROUP  M=GPTEXT     ACBP=48
 0672:0516 0002 C=DATA   S=_DATA          G=DGROUP  M=KBHIT      ACBP=48
 0672:0518 0000 C=DATA   S=_DATA          G=DGROUP  M=MOVETEXT   ACBP=48
 0672:0518 0000 C=DATA   S=_DATA          G=DGROUP  M=PUTCH      ACBP=48
 0672:0518 0000 C=DATA   S=_DATA          G=DGROUP  M=REALCVT    ACBP=48
 0672:0518 0000 C=DATA   S=_DATA          G=DGROUP  M=SCREEN     ACBP=48
 0672:0518 0000 C=DATA   S=_DATA          G=DGROUP  M=SCROLL     ACBP=48
 0672:0518 0000 C=DATA   S=_DATA          G=DGROUP  M=SETBLOCK   ACBP=48
 0672:0518 0000 C=DATA   S=_DATA          G=DGROUP  M=SETJMP     ACBP=48
 0672:0518 0000 C=DATA   S=_DATA          G=DGROUP  M=WHEREXY    ACBP=48
 0672:0518 0000 C=DATA   S=_DATA          G=DGROUP  M=FFLUSH     ACBP=48
 0672:0518 0000 C=DATA   S=_DATA          G=DGROUP  M=FLUSHALL   ACBP=48
 0672:0518 0000 C=DATA   S=_DATA          G=DGROUP  M=FSEEK      ACBP=48
 0672:0518 0000 C=DATA   S=_DATA          G=DGROUP  M=MEMCPY     ACBP=48
 0672:0518 0000 C=DATA   S=_DATA          G=DGROUP  M=PRINTF     ACBP=48
 0672:0518 0001 C=DATA   S=_DATA          G=DGROUP  M=PUTC       ACBP=48
 0672:051A 0004 C=DATA   S=_DATA          G=DGROUP  M=SETVBUF    ACBP=48
 0672:051E 0000 C=DATA   S=_DATA          G=DGROUP  M=SPRINTF    ACBP=48
 0672:051E 0000 C=DATA   S=_DATA          G=DGROUP  M=WRITE      ACBP=48
 0672:051E 0000 C=DATA   S=_DATA          G=DGROUP  M=WRITEA     ACBP=48
 0672:051E 0000 C=DATA   S=_DATA          G=DGROUP  M=XFFLUSH    ACBP=48
 0672:051E 0000 C=DATA   S=_CVTSEG        G=DGROUP  M=c0.ASM     ACBP=48
 0672:051E 0002 C=DATA   S=_CVTSEG        G=DGROUP  M=CVTFAK     ACBP=48
 0672:0520 0000 C=DATA   S=_CVTSEG        G=DGROUP  M=REALCVT    ACBP=48
 0672:0520 0000 C=DATA   S=_SCNSEG        G=DGROUP  M=c0.ASM     ACBP=48
 0672:0520 0006 C=DATA   S=_SCNSEG        G=DGROUP  M=CVTFAK     ACBP=48
 0672:0526 0000 C=CONST  S=_CONST         G=DGROUP  M=c0.ASM     ACBP=48
 0672:0526 0000 C=INITDATA S=_INIT_         G=DGROUP  M=c0.ASM     ACBP=48
 0672:0526 0006 C=INITDATA S=_INIT_         G=DGROUP  M=SETUPIO    ACBP=48
 0672:052C 0006 C=INITDATA S=_INIT_         G=DGROUP  M=CRTINIT    ACBP=48
 0672:0532 0000 C=INITDATA S=_INITEND_      G=DGROUP  M=c0.ASM     ACBP=28
 0672:0532 0000 C=EXITDATA S=_EXIT_         G=DGROUP  M=c0.ASM     ACBP=48
 0672:0532 0000 C=EXITDATA S=_EXITEND_      G=DGROUP  M=c0.ASM     ACBP=28
 0672:0532 0000 C=BSS    S=_BSS           G=DGROUP  M=c0.ASM     ACBP=48
 0672:0532 4A98 C=BSS    S=_BSS           G=DGROUP  M=test.c     ACBP=48
 0672:4FCA 0001 C=BSS    S=_BSS           G=DGROUP  M=os_cpu_c.c ACBP=48
 0672:4FCC 001B C=BSS    S=_BSS           G=DGROUP  M=pc.c       ACBP=48
 0672:4FE8 0CE8 C=BSS    S=_BSS           G=DGROUP  M=ucos_ii.c  ACBP=48
 0672:5CD0 0080 C=BSS    S=_BSS           G=DGROUP  M=ATEXIT     ACBP=48
 0672:5D50 0000 C=BSS    S=_BSS           G=DGROUP  M=IOERROR    ACBP=48
 0672:5D50 0000 C=BSS    S=_BSS           G=DGROUP  M=ISATTY     ACBP=48
 0672:5D50 0000 C=BSS    S=_BSS           G=DGROUP  M=LONGTOA    ACBP=48
 0672:5D50 0000 C=BSS    S=_BSS           G=DGROUP  M=LSEEK      ACBP=48
 0672:5D50 0000 C=BSS    S=_BSS           G=DGROUP  M=SETUPIO    ACBP=48
 0672:5D50 0000 C=BSS    S=_BSS           G=DGROUP  M=VPRINTER   ACBP=48
 0672:5D50 0000 C=BSS    S=_BSS           G=DGROUP  M=VRAM       ACBP=48
 0672:5D50 0000 C=BSS    S=_BSS           G=DGROUP  M=CRTINIT    ACBP=48
 0672:5D50 0000 C=BSS    S=_BSS           G=DGROUP  M=GETCH      ACBP=48
 0672:5D50 0000 C=BSS    S=_BSS           G=DGROUP  M=KBHIT      ACBP=48
 0672:5D50 0000 C=BSS    S=_BSS           G=DGROUP  M=SETBLOCK   ACBP=48
 0672:5D50 0000 C=BSS    S=_BSS           G=DGROUP  M=SETJMP     ACBP=48
 0672:5D50 0000 C=BSS    S=_BSS           G=DGROUP  M=MEMCPY     ACBP=48
 0672:5D50 0001 C=BSS    S=_BSS           G=DGROUP  M=PUTC       ACBP=48
 0672:5D52 0000 C=BSS    S=_BSS           G=DGROUP  M=WRITEA     ACBP=48
 0672:5D52 0000 C=BSSEND S=_BSSEND        G=DGROUP  M=c0.ASM     ACBP=28
 0C48:0000 0080 C=STACK  S=_STACK         G=(none)  M=c0.ASM     ACBP=74

  Address         Publics by Name

 0672:0000 idle  DATASEG@
 0000:0291 idle  DGROUP@
 0000:0395 idle  F_LDIV@
 0000:03A4 idle  F_LMOD@
 0000:039C       F_LUDIV@
 0000:03AC idle  F_LUMOD@
 0000:0443       F_LXLSH@
 0000:0355       F_LXMUL@
 0000:0464       F_LXURSH@
 0000:0485 idle  F_PADD@
 0000:04B4 idle  F_PSUB@
 0000:0395 idle  LDIV@
 0000:03A4 idle  LMOD@
 0000:039C idle  LUDIV@
 0000:03AC idle  LUMOD@
 0000:0443 idle  LXLSH@
 0000:0355 idle  LXMUL@
 0000:0464 idle  LXURSH@
 0000:0392 idle  N_LDIV@
 0000:03A1 idle  N_LMOD@
 0000:0399 idle  N_LUDIV@
 0000:03A9 idle  N_LUMOD@
 0000:0440       N_LXLSH@
 0000:0461 idle  N_LXURSH@
 0000:0482       N_PADD@
 0000:0609       N_PCMP@
 0000:04B1 idle  N_PSUB@
 0000:0485 idle  PADD@
 0000:04B4 idle  PSUB@
 0000:027A       _abort
 0000:0295 idle  _atexit
 0672:0094       _buffer_counter
 0000:0D90 idle  _cprintf
 0672:04D9       _directvideo
 0672:007F       _errno
 0000:031A       _exit
 0000:10B0 idle  _farfree
 0000:11C4 idle  _farmalloc
 0000:1328 idle  _farrealloc
 0000:1ABD       _fflush
 0000:1B8A       _flushall
 0000:1E09 idle  _fputc
 0000:1F9E idle  _fputchar
 0000:10B0       _free
 0000:1C4E       _fseek
 0000:1CCE idle  _ftell
 0000:14E2       _getch
 0000:14FE idle  _getche
 0000:036C       _getdate
 0000:1540       _gettext
 0000:037F       _gettime
 0000:052D       _isatty
 0000:15EC       _kbhit
 0000:1A5D       _longjmp
 0000:05E0       _lseek
 0251:000A       _main
 0000:11BA       _malloc
 0000:1DAE       _memcpy
 0672:1532       _MessageBuffer
 0000:15FE       _movetext
 0672:0098 idle  _msgIndex
 0672:5C80 idle  _OSCPUUsage
 0272:001E       _OSCtxSw
 0672:5CCC       _OSCtxSwCtr
 0672:5CC8 idle  _OSEventFreeList
 0672:5CA8 idle  _OSEventTbl
 02D4:0986 idle  _OSFlagAccept
 02D4:0AB8 idle  _OSFlagCreate
 02D4:0B30 idle  _OSFlagDel
 0672:5C81 idle  _OSFlagFreeList
 02D4:0C72 idle  _OSFlagPend
 02D4:0ECC idle  _OSFlagPost
 02D4:106C idle  _OSFlagQuery
 0672:5C85 idle  _OSFlagTbl
 0672:5863 idle  _OSIdleCtr
 0672:5C7C idle  _OSIdleCtrMax
 0672:5C78 idle  _OSIdleCtrRun
 02D4:0009       _OSInit
 027F:0006       _OSInitHookBegin
 027F:0007       _OSInitHookEnd
 0272:0059       _OSIntCtxSw
 02D4:0041 idle  _OSIntEnter
 02D4:0054       _OSIntExit
 0672:5875 idle  _OSIntExitY
 0672:5876       _OSIntNesting
 0672:5874 idle  _OSLockNesting
 0672:0106 idle  _OSMapTbl
 02D4:12FC idle  _OSMboxAccept
 02D4:1347 idle  _OSMboxCreate
 02D4:13BC idle  _OSMboxDel
 02D4:14DA idle  _OSMboxPend
 02D4:15DC idle  _OSMboxPost
 02D4:1654 idle  _OSMboxPostOpt
 02D4:16F7 idle  _OSMboxQuery
 02D4:17EB idle  _OSMemCreate
 0672:5084 idle  _OSMemFreeList
 02D4:1936 idle  _OSMemGet
 02D4:19B4 idle  _OSMemPut
 02D4:1A24 idle  _OSMemQuery
 0672:5020 idle  _OSMemTbl
 02D4:1B71 idle  _OSMutexAccept
 02D4:1BFC idle  _OSMutexCreate
 02D4:1CE2 idle  _OSMutexDel
 02D4:1E3C idle  _OSMutexPend
 02D4:2027 idle  _OSMutexPost
 02D4:21AF idle  _OSMutexQuery
 0672:5873       _OSPrioCur
 0672:5872       _OSPrioHighRdy
 02D4:22CA idle  _OSQAccept
 02D4:236A idle  _OSQCreate
 02D4:248D idle  _OSQDel
 02D4:260A idle  _OSQFlush
 0672:501C idle  _OSQFreeList
 02D4:2662 idle  _OSQPend
 02D4:27A8 idle  _OSQPost
 02D4:2870 idle  _OSQPostFront
 02D4:2932 idle  _OSQPostOpt
 02D4:2A70 idle  _OSQQuery
 0672:4FEC idle  _OSQTbl
 0672:5871 idle  _OSRdyGrp
 0672:5869 idle  _OSRdyTbl
 0672:5868       _OSRunning
 02D4:0118 idle  _OSSchedLock
 02D4:012E idle  _OSSchedUnlock
 02D4:2BFB idle  _OSSemAccept
 02D4:2C2D idle  _OSSemCreate
 02D4:2CA1 idle  _OSSemDel
 02D4:2DBF idle  _OSSemPend
 02D4:2E6F idle  _OSSemPost
 02D4:2EC9 idle  _OSSemQuery
 02D4:015B       _OSStart
 0272:0000       _OSStartHighRdy
 02D4:01BA       _OSStatInit
 0672:5C77 idle  _OSStatRdy
 02D4:2FB5 idle  _OSTaskChangePrio
 02D4:3181       _OSTaskCreate
 02D4:323E idle  _OSTaskCreateExt
 027F:0008       _OSTaskCreateHook
 0672:5867 idle  _OSTaskCtr
 02D4:332E idle  _OSTaskDel
 027F:000D       _OSTaskDelHook
 02D4:350D idle  _OSTaskDelReq
 027F:0012       _OSTaskIdleHook
 0672:5463 idle  _OSTaskIdleStk
 02D4:378B idle  _OSTaskQuery
 02D4:3579 idle  _OSTaskResume
 027F:0013       _OSTaskStatHook
 0672:5877 idle  _OSTaskStatStk
 02D4:35F8 idle  _OSTaskStkChk
 027F:0014       _OSTaskStkInit
 027F:00FA idle  _OSTaskStkInit_FPE_x86
 02D4:36DD idle  _OSTaskSuspend
 027F:01D5       _OSTaskSwHook
 0672:545F       _OSTCBCur
 0672:545B idle  _OSTCBFreeList
 0672:5457       _OSTCBHighRdy
 027F:01D6       _OSTCBInitHook
 0672:5453 idle  _OSTCBList
 0672:5353 idle  _OSTCBPrioTbl
 0672:5088 idle  _OSTCBTbl
 0672:4FCA       _OSTickDOSCtr
 0272:0086       _OSTickISR
 0672:4FE8 idle  _OSTime
 02D4:37F9       _OSTimeDly
 02D4:3840       _OSTimeDlyHMSM
 02D4:392F idle  _OSTimeDlyResume
 02D4:39A7       _OSTimeGet
 02D4:39C6       _OSTimeSet
 02D4:01F5       _OSTimeTick
 027F:01DB       _OSTimeTickHook
 0672:010E idle  _OSUnMapTbl
 02D4:028E idle  _OSVersion
 02D4:0292 idle  _OS_Dummy
 02D4:0293 idle  _OS_EventTaskRdy
 02D4:035D idle  _OS_EventTaskWait
 02D4:03CA idle  _OS_EventTO
 02D4:041E idle  _OS_EventWaitListInit
 02D4:118E idle  _OS_FlagInit
 02D4:124D idle  _OS_FlagUnlink
 02D4:1ACD idle  _OS_MemInit
 02D4:2BAB idle  _OS_QInit
 02D4:0654 idle  _OS_Sched
 02D4:0702 idle  _OS_TaskIdle
 02D4:0727 idle  _OS_TaskStat
 02D4:07F3 idle  _OS_TCBInit
 029C:000C idle  _PC_DispChar
 029C:004A idle  _PC_DispClrCol
 029C:0090 idle  _PC_DispClrRow
 029C:00C9       _PC_DispClrScr
 029C:00FA idle  _PC_DispStr
 029C:0149       _PC_DOSReturn
 029C:015D       _PC_DOSSaveReturn
 029C:01CB idle  _PC_ElapsedInit
 029C:01DF idle  _PC_ElapsedStart
 029C:0205 idle  _PC_ElapsedStop
 029C:0256 idle  _PC_GetDateTime
 029C:02A9       _PC_GetKey
 029C:02D0       _PC_SetTickRate
 0672:4FCC idle  _PC_TickISR
 029C:031D idle  _PC_VectGet
 029C:0354       _PC_VectSet
 0251:01DF idle  _PrintAllMessage
 0000:1DD2       _printf
 0000:169B       _putch
 0000:1596       _puttext
 0000:1321 idle  _realloc
 0000:1A0B       _setblock
 0000:1A27       _setjmp
 0000:21B5       _setvbuf
 0000:2312       _sprintf
 0251:0120 idle  _Task
 0672:009A idle  _TaskData
 0251:004D idle  _TaskStart
 0672:0532 idle  _TaskStartStk
 0672:0932 idle  _TaskStk
 0672:0096       _TimeStart
 0000:1522 idle  _ungetch
 0000:2334 idle  _vsprintf
 0000:1A9B idle  _wherex
 0000:1AAA idle  _wherey
 0000:1000 idle  __AHINCR
 0000:000C idle  __AHSHIFT
 0672:023A       __atexitcnt
 0672:5CD0       __atexittbl
 0000:1418       __brk
 0672:008B       __brklvl
 0672:006B idle  __C0argc
 0672:006D idle  __C0argv
 0000:0E72 idle  __c0crtinit
 0672:0071 idle  __C0environ
 0672:0517       __cChar
 0000:033B idle  __cexit
 0672:0516       __cFlag
 0000:016A       __checknull
 0000:0157       __cleanup
 0000:0C5E       __CPUTN
 0000:0E8F idle  __crtinit
 0000:0000  Abs  __cvtfak
 0000:0349 idle  __c_exit
 0672:0402 idle  __doserrno
 0000:051B idle  __DOSERROR
 0672:0404 idle  __dosErrorToSV
 0672:0075 idle  __envLng
 0672:0077 idle  __envseg
 0672:0079 idle  __envSize
 0000:0329       __exit
 0672:023C       __exitbuf
 0672:0240 idle  __exitfopen
 0672:0244 idle  __exitopen
 0000:1DED idle  __fputc
 0000:1FB2       __FPUTN
 0672:0087       __heapbase
 0672:008F       __heaptop
 0672:005B idle  __Int0Vector
 0672:005F idle  __Int4Vector
 0672:0063 idle  __Int5Vector
 0672:0067 idle  __Int6Vector
 0000:04E2       __IOERROR
 0000:053E       __LONGTOA
 0000:0293 idle  __MMODEL
 0672:03D8       __nfile
 0000:14FB idle  __Ngetche
 0000:151F idle  __Nungetch
 0672:03DA       __openfd
 0672:007D idle  __osmajor
 0672:007E idle  __osminor
 0672:007D idle  __osversion
 0672:007B       __psp
 0000:16B2       __REALCVT
 0672:051E       __RealCvtVector
 0000:01C0       __restorezero
 0000:1457       __sbrk
 0672:0520 idle  __ScanTodVector
 0000:17EC       __SCREENIO
 0000:189F       __SCROLL
 0000:062A       __setupio
 0672:0081 idle  __StartTime
 0672:045E       __stklen
 0672:0248       __streams
 0000:016B       __terminate
 0000:0000 idle  __turboCrt
 0000:05C0 idle  __UTOA
 0000:1828       __VALIDATEXY
 0672:007D idle  __version
 0672:04CA       __video
 0000:0DE7       __VideoInt
 0000:06FC       __VPRINTER
 0000:0BBF       __VPTR
 0000:0BE4       __VRAM
 0000:1A91       __wherexy
 0000:24A6       __write
 0672:04C8       __wscroll
 0000:24E2       __xfflush
 0672:0085 idle  ___brklvl
 0000:0F70 idle  ___first
 0000:0F72 idle  ___last
 0000:0F74 idle  ___rover
 0000:2355       ___write

  Address         Publics by Value

 0000:0000 idle  __turboCrt
 0000:0000  Abs  __cvtfak
 0000:000C idle  __AHSHIFT
 0000:0157       __cleanup
 0000:016A       __checknull
 0000:016B       __terminate
 0000:01C0       __restorezero
 0000:027A       _abort
 0000:0291 idle  DGROUP@
 0000:0293 idle  __MMODEL
 0000:0295 idle  _atexit
 0000:031A       _exit
 0000:0329       __exit
 0000:033B idle  __cexit
 0000:0349 idle  __c_exit
 0000:0355       F_LXMUL@
 0000:0355 idle  LXMUL@
 0000:036C       _getdate
 0000:037F       _gettime
 0000:0392 idle  N_LDIV@
 0000:0395 idle  LDIV@
 0000:0395 idle  F_LDIV@
 0000:0399 idle  N_LUDIV@
 0000:039C       F_LUDIV@
 0000:039C idle  LUDIV@
 0000:03A1 idle  N_LMOD@
 0000:03A4 idle  F_LMOD@
 0000:03A4 idle  LMOD@
 0000:03A9 idle  N_LUMOD@
 0000:03AC idle  LUMOD@
 0000:03AC idle  F_LUMOD@
 0000:0440       N_LXLSH@
 0000:0443       F_LXLSH@
 0000:0443 idle  LXLSH@
 0000:0461 idle  N_LXURSH@
 0000:0464       F_LXURSH@
 0000:0464 idle  LXURSH@
 0000:0482       N_PADD@
 0000:0485 idle  F_PADD@
 0000:0485 idle  PADD@
 0000:04B1 idle  N_PSUB@
 0000:04B4 idle  F_PSUB@
 0000:04B4 idle  PSUB@
 0000:04E2       __IOERROR
 0000:051B idle  __DOSERROR
 0000:052D       _isatty
 0000:053E       __LONGTOA
 0000:05C0 idle  __UTOA
 0000:05E0       _lseek
 0000:0609       N_PCMP@
 0000:062A       __setupio
 0000:06FC       __VPRINTER
 0000:0BBF       __VPTR
 0000:0BE4       __VRAM
 0000:0C5E       __CPUTN
 0000:0D90 idle  _cprintf
 0000:0DE7       __VideoInt
 0000:0E72 idle  __c0crtinit
 0000:0E8F idle  __crtinit
 0000:0F70 idle  ___first
 0000:0F72 idle  ___last
 0000:0F74 idle  ___rover
 0000:1000 idle  __AHINCR
 0000:10B0       _free
 0000:10B0 idle  _farfree
 0000:11BA       _malloc
 0000:11C4 idle  _farmalloc
 0000:1321 idle  _realloc
 0000:1328 idle  _farrealloc
 0000:1418       __brk
 0000:1457       __sbrk
 0000:14E2       _getch
 0000:14FB idle  __Ngetche
 0000:14FE idle  _getche
 0000:151F idle  __Nungetch
 0000:1522 idle  _ungetch
 0000:1540       _gettext
 0000:1596       _puttext
 0000:15EC       _kbhit
 0000:15FE       _movetext
 0000:169B       _putch
 0000:16B2       __REALCVT
 0000:17EC       __SCREENIO
 0000:1828       __VALIDATEXY
 0000:189F       __SCROLL
 0000:1A0B       _setblock
 0000:1A27       _setjmp
 0000:1A5D       _longjmp
 0000:1A91       __wherexy
 0000:1A9B idle  _wherex
 0000:1AAA idle  _wherey
 0000:1ABD       _fflush
 0000:1B8A       _flushall
 0000:1C4E       _fseek
 0000:1CCE idle  _ftell
 0000:1DAE       _memcpy
 0000:1DD2       _printf
 0000:1DED idle  __fputc
 0000:1E09 idle  _fputc
 0000:1F9E idle  _fputchar
 0000:1FB2       __FPUTN
 0000:21B5       _setvbuf
 0000:2312       _sprintf
 0000:2334 idle  _vsprintf
 0000:2355       ___write
 0000:24A6       __write
 0000:24E2       __xfflush
 0251:000A       _main
 0251:004D idle  _TaskStart
 0251:0120 idle  _Task
 0251:01DF idle  _PrintAllMessage
 0272:0000       _OSStartHighRdy
 0272:001E       _OSCtxSw
 0272:0059       _OSIntCtxSw
 0272:0086       _OSTickISR
 027F:0006       _OSInitHookBegin
 027F:0007       _OSInitHookEnd
 027F:0008       _OSTaskCreateHook
 027F:000D       _OSTaskDelHook
 027F:0012       _OSTaskIdleHook
 027F:0013       _OSTaskStatHook
 027F:0014       _OSTaskStkInit
 027F:00FA idle  _OSTaskStkInit_FPE_x86
 027F:01D5       _OSTaskSwHook
 027F:01D6       _OSTCBInitHook
 027F:01DB       _OSTimeTickHook
 029C:000C idle  _PC_DispChar
 029C:004A idle  _PC_DispClrCol
 029C:0090 idle  _PC_DispClrRow
 029C:00C9       _PC_DispClrScr
 029C:00FA idle  _PC_DispStr
 029C:0149       _PC_DOSReturn
 029C:015D       _PC_DOSSaveReturn
 029C:01CB idle  _PC_ElapsedInit
 029C:01DF idle  _PC_ElapsedStart
 029C:0205 idle  _PC_ElapsedStop
 029C:0256 idle  _PC_GetDateTime
 029C:02A9       _PC_GetKey
 029C:02D0       _PC_SetTickRate
 029C:031D idle  _PC_VectGet
 029C:0354       _PC_VectSet
 02D4:0009       _OSInit
 02D4:0041 idle  _OSIntEnter
 02D4:0054       _OSIntExit
 02D4:0118 idle  _OSSchedLock
 02D4:012E idle  _OSSchedUnlock
 02D4:015B       _OSStart
 02D4:01BA       _OSStatInit
 02D4:01F5       _OSTimeTick
 02D4:028E idle  _OSVersion
 02D4:0292 idle  _OS_Dummy
 02D4:0293 idle  _OS_EventTaskRdy
 02D4:035D idle  _OS_EventTaskWait
 02D4:03CA idle  _OS_EventTO
 02D4:041E idle  _OS_EventWaitListInit
 02D4:0654 idle  _OS_Sched
 02D4:0702 idle  _OS_TaskIdle
 02D4:0727 idle  _OS_TaskStat
 02D4:07F3 idle  _OS_TCBInit
 02D4:0986 idle  _OSFlagAccept
 02D4:0AB8 idle  _OSFlagCreate
 02D4:0B30 idle  _OSFlagDel
 02D4:0C72 idle  _OSFlagPend
 02D4:0ECC idle  _OSFlagPost
 02D4:106C idle  _OSFlagQuery
 02D4:118E idle  _OS_FlagInit
 02D4:124D idle  _OS_FlagUnlink
 02D4:12FC idle  _OSMboxAccept
 02D4:1347 idle  _OSMboxCreate
 02D4:13BC idle  _OSMboxDel
 02D4:14DA idle  _OSMboxPend
 02D4:15DC idle  _OSMboxPost
 02D4:1654 idle  _OSMboxPostOpt
 02D4:16F7 idle  _OSMboxQuery
 02D4:17EB idle  _OSMemCreate
 02D4:1936 idle  _OSMemGet
 02D4:19B4 idle  _OSMemPut
 02D4:1A24 idle  _OSMemQuery
 02D4:1ACD idle  _OS_MemInit
 02D4:1B71 idle  _OSMutexAccept
 02D4:1BFC idle  _OSMutexCreate
 02D4:1CE2 idle  _OSMutexDel
 02D4:1E3C idle  _OSMutexPend
 02D4:2027 idle  _OSMutexPost
 02D4:21AF idle  _OSMutexQuery
 02D4:22CA idle  _OSQAccept
 02D4:236A idle  _OSQCreate
 02D4:248D idle  _OSQDel
 02D4:260A idle  _OSQFlush
 02D4:2662 idle  _OSQPend
 02D4:27A8 idle  _OSQPost
 02D4:2870 idle  _OSQPostFront
 02D4:2932 idle  _OSQPostOpt
 02D4:2A70 idle  _OSQQuery
 02D4:2BAB idle  _OS_QInit
 02D4:2BFB idle  _OSSemAccept
 02D4:2C2D idle  _OSSemCreate
 02D4:2CA1 idle  _OSSemDel
 02D4:2DBF idle  _OSSemPend
 02D4:2E6F idle  _OSSemPost
 02D4:2EC9 idle  _OSSemQuery
 02D4:2FB5 idle  _OSTaskChangePrio
 02D4:3181       _OSTaskCreate
 02D4:323E idle  _OSTaskCreateExt
 02D4:332E idle  _OSTaskDel
 02D4:350D idle  _OSTaskDelReq
 02D4:3579 idle  _OSTaskResume
 02D4:35F8 idle  _OSTaskStkChk
 02D4:36DD idle  _OSTaskSuspend
 02D4:378B idle  _OSTaskQuery
 02D4:37F9       _OSTimeDly
 02D4:3840       _OSTimeDlyHMSM
 02D4:392F idle  _OSTimeDlyResume
 02D4:39A7       _OSTimeGet
 02D4:39C6       _OSTimeSet
 0672:0000 idle  DATASEG@
 0672:005B idle  __Int0Vector
 0672:005F idle  __Int4Vector
 0672:0063 idle  __Int5Vector
 0672:0067 idle  __Int6Vector
 0672:006B idle  __C0argc
 0672:006D idle  __C0argv
 0672:0071 idle  __C0environ
 0672:0075 idle  __envLng
 0672:0077 idle  __envseg
 0672:0079 idle  __envSize
 0672:007B       __psp
 0672:007D idle  __osversion
 0672:007D idle  __osmajor
 0672:007D idle  __version
 0672:007E idle  __osminor
 0672:007F       _errno
 0672:0081 idle  __StartTime
 0672:0085 idle  ___brklvl
 0672:0087       __heapbase
 0672:008B       __brklvl
 0672:008F       __heaptop
 0672:0094       _buffer_counter
 0672:0096       _TimeStart
 0672:0098 idle  _msgIndex
 0672:009A idle  _TaskData
 0672:0106 idle  _OSMapTbl
 0672:010E idle  _OSUnMapTbl
 0672:023A       __atexitcnt
 0672:023C       __exitbuf
 0672:0240 idle  __exitfopen
 0672:0244 idle  __exitopen
 0672:0248       __streams
 0672:03D8       __nfile
 0672:03DA       __openfd
 0672:0402 idle  __doserrno
 0672:0404 idle  __dosErrorToSV
 0672:045E       __stklen
 0672:04C8       __wscroll
 0672:04CA       __video
 0672:04D9       _directvideo
 0672:0516       __cFlag
 0672:0517       __cChar
 0672:051E       __RealCvtVector
 0672:0520 idle  __ScanTodVector
 0672:0532 idle  _TaskStartStk
 0672:0932 idle  _TaskStk
 0672:1532       _MessageBuffer
 0672:4FCA       _OSTickDOSCtr
 0672:4FCC idle  _PC_TickISR
 0672:4FE8 idle  _OSTime
 0672:4FEC idle  _OSQTbl
 0672:501C idle  _OSQFreeList
 0672:5020 idle  _OSMemTbl
 0672:5084 idle  _OSMemFreeList
 0672:5088 idle  _OSTCBTbl
 0672:5353 idle  _OSTCBPrioTbl
 0672:5453 idle  _OSTCBList
 0672:5457       _OSTCBHighRdy
 0672:545B idle  _OSTCBFreeList
 0672:545F       _OSTCBCur
 0672:5463 idle  _OSTaskIdleStk
 0672:5863 idle  _OSIdleCtr
 0672:5867 idle  _OSTaskCtr
 0672:5868       _OSRunning
 0672:5869 idle  _OSRdyTbl
 0672:5871 idle  _OSRdyGrp
 0672:5872       _OSPrioHighRdy
 0672:5873       _OSPrioCur
 0672:5874 idle  _OSLockNesting
 0672:5875 idle  _OSIntExitY
 0672:5876       _OSIntNesting
 0672:5877 idle  _OSTaskStatStk
 0672:5C77 idle  _OSStatRdy
 0672:5C78 idle  _OSIdleCtrRun
 0672:5C7C idle  _OSIdleCtrMax
 0672:5C80 idle  _OSCPUUsage
 0672:5C81 idle  _OSFlagFreeList
 0672:5C85 idle  _OSFlagTbl
 0672:5CA8 idle  _OSEventTbl
 0672:5CC8 idle  _OSEventFreeList
 0672:5CCC       _OSCtxSwCtr
 0672:5CD0       __atexittbl

Program entry point at 0000:0000

